I'm sorry, but errors were detected in your script. Please correct the
errors listed below, and try again.


File "game/script.rpy", line 111: expected statement.
    bg street
             ^

File "game/script.rpy", line 718: expected statement.
    bg street
             ^

Ren'Py Version: Ren'Py 6.99.14.1.3218
Tue Apr 10 20:11:42 2018
